<?xml version="1.0" encoding="UTF-8"?>
<TestRun id="0c1bb1c0-bbc9-487c-ac50-4fe3d8f2b005" name="Administrator@CX-12308- 2010-03-08 17:22:53" runUser="CX-12308-\Administrator" xmlns="http://microsoft.com/schemas/VisualStudio/TeamTest/2006">
  <TestRunConfiguration name="Local Test Run" id="9417f248-f0b7-4379-9366-52d448395bb2">
    <Description>This is a default test run configuration for a local test run.</Description>
    <Deployment runDeploymentRoot="E:\Svn\ithemesky\Src\Trunk\TestResults\Administrator_CX-12308- 2010-03-08 17_22_53">
      <DeploymentItem filename="E:\Svn\ithemesky\Src\Trunk\IThemeSky.Model\bin\Debug\IThemeSky.Model.dll" />
      <DeploymentItem filename="E:\Svn\ithemesky\Src\Trunk\IThemeSky.DataAccess\bin\Debug\IThemeSky.DataAccess.dll" />
      <DeploymentItem filename="E:\Svn\ithemesky\Src\Trunk\IThemeSky.Library\bin\Debug\IThemeSky.Library.dll" />
    </Deployment>
    <TestTypeSpecific />
  </TestRunConfiguration>
  <ResultSummary outcome="Failed">
    <Counters total="1" executed="1" error="0" failed="1" timeout="0" aborted="0" inconclusive="0" passedButRunAborted="0" notRunnable="0" notExecuted="0" disconnected="0" warning="0" passed="0" completed="0" inProgress="0" pending="0" />
  </ResultSummary>
  <Times creation="2010-03-08T17:22:53.3281250+08:00" queuing="2010-03-08T17:22:53.9687500+08:00" start="2010-03-08T17:22:54.0312500+08:00" finish="2010-03-08T17:22:56.8437500+08:00" />
  <TestDefinitions>
    <UnitTest name="AddThemeTest" storage="e:\svn\ithemesky\src\trunk\ithemesky.dataaccesstest\bin\debug\ithemesky.dataaccesstest.dll" id="74de9028-c4a3-fc91-ccb3-c438ff717887">
      <Css projectStructure="" iteration="" />
      <Owners>
        <Owner name="" />
      </Owners>
      <Execution id="a2b8833a-0202-4a65-a000-7c9c9c6c4cf4" />
      <TestMethod codeBase="E:\Svn\ithemesky\Src\Trunk\IThemeSky.DataAccessTest\bin\Debug\IThemeSky.DataAccessTest.dll" adapterTypeName="Microsoft.VisualStudio.TestTools.TestTypes.Unit.UnitTestAdapter, Microsoft.VisualStudio.QualityTools.Tips.UnitTest.Adapter, Version=9.0.0.0, Culture=neutral, PublicKeyToken=b03f5f7f11d50a3a" className="IThemeSky.DataAccessTest.IThemeManageRepositoryTest, IThemeSky.DataAccessTest" name="AddThemeTest" />
    </UnitTest>
  </TestDefinitions>
  <TestLists>
    <TestList name="Results Not in a List" id="8c84fa94-04c1-424b-9868-57a2d4851a1d" />
    <TestList name="All Loaded Results" id="19431567-8539-422a-85d7-44ee4e166bda" />
  </TestLists>
  <TestEntries>
    <TestEntry testId="74de9028-c4a3-fc91-ccb3-c438ff717887" executionId="a2b8833a-0202-4a65-a000-7c9c9c6c4cf4" testListId="8c84fa94-04c1-424b-9868-57a2d4851a1d" />
  </TestEntries>
  <Results>
    <UnitTestResult executionId="a2b8833a-0202-4a65-a000-7c9c9c6c4cf4" testId="74de9028-c4a3-fc91-ccb3-c438ff717887" testName="AddThemeTest" computerName="CX-12308-" duration="00:00:00.3686398" startTime="2010-03-08T17:22:54.0468750+08:00" endTime="2010-03-08T17:22:55.2656250+08:00" testType="13cdc9d9-ddb5-4fa4-a97d-d965ccfc6d4b" outcome="Failed" testListId="8c84fa94-04c1-424b-9868-57a2d4851a1d">
      <Output>
        <ErrorInfo>
          <Message>Assert.AreEqual failed. Expected:&lt;False&gt;. Actual:&lt;True&gt;. </Message>
          <StackTrace>   在 IThemeSky.DataAccessTest.IThemeManageRepositoryTest.AddThemeTest() 位置 E:\Svn\ithemesky\Src\Trunk\IThemeSky.DataAccessTest\IThemeManageRepositoryTest.cs:行号 107
</StackTrace>
        </ErrorInfo>
      </Output>
    </UnitTestResult>
  </Results>
</TestRun>